// Vitest Snapshot v1, https://vitest.dev/guide/snapshot.html

exports[`getJSGraph 1`] = `
{
  "axes": {
    "x": {
      "display": true,
      "flipped": false,
      "label": "X axis",
      "logScale": true,
      "unit": "xUnits",
      "unitWrapperAfter": ")",
      "unitWrapperBefore": "(",
    },
    "y": {
      "display": true,
      "flipped": false,
      "label": "Y axis",
      "unit": "",
      "unitWrapperAfter": ")",
      "unitWrapperBefore": "(",
    },
  },
  "series": [
    {
      "data": {
        "x": [
          1,
          2,
        ],
        "y": [
          75,
          100,
        ],
      },
      "style": [
        {
          "name": "unselected",
          "style": {
            "line": {
              "color": "#FFB300FF",
              "dash": 1,
              "width": 1,
            },
          },
        },
        {
          "name": "selected",
          "style": {
            "line": {
              "color": "#FFB300FF",
              "dash": 1,
              "width": 3,
            },
          },
        },
      ],
    },
  ],
}
`;
